{
 "tier": "confirmation",
 "n_drugs": 219,
 "finite": {
  "primary_2p5": 3152,
  "secondary_2p5": 1643,
  "secondary_mean": 1642
 },
 "seconds": 1.3
}
{
 "tier": "mix_sealed",
 "n_drugs": 10,
 "finite": {
  "primary_2p5": 1419,
  "secondary_2p5": 1326,
  "secondary_mean": 1324
 },
 "seconds": 1.5
}
{"unit": "A_treated_sealed", "tier": "sealed", "cells": 19877, "lines": 69, "axis_genes_present": 1905, "seconds": 65.4, "phase_marker_genes": {"S": 40, "G2M": 54}, "cell_index_sha256": "b40c4cc0028edbd6690f4aa6efb20568ba7e1c8497fc17577a0fc9165a824873", "utc": "2026-10-10T09:14:55Z"}
{"unit": "C_treated", "tier": "sealed", "cells": 13482, "lines": 114, "axis_genes_present": 1905, "seconds": 49.7, "phase_marker_genes": {"S": 40, "G2M": 54}, "cell_index_sha256": "90e6cf33286bd0400326ac89bf9a91ae7e2e9dbd8d54a275b18961ca49682370", "utc": "2026-10-10T09:15:51Z"}
{"unit": "D_treated", "tier": "sealed", "cells": 7245, "lines": 24, "axis_genes_present": 1905, "seconds": 56.4, "phase_marker_genes": {"S": 40, "G2M": 54}, "cell_index_sha256": "e5b18441fc03920fd37547bafb0822637b01b9ed707012ecea47e68b330e4b99", "utc": "2026-10-10T09:16:51Z"}
{
 "freeze": true,
 "gate": true,
 "exact_rerun": true,
 "poisoning": true,
 "arithmetic": false,
 "all_pass": false
}
exit=0
