{
 "name": "s4_identifiability",
 "n_classes": 212,
 "n_events": 770150,
 "realised_rate": 0.15489709796792833,
 "predicted_rate": 0.4228564240732325,
 "auc_pair": 0.6084041038875023,
 "auc_pair_blind": 0.5797270377271375,
 "auc_pair_within_blind_deciles": 0.5724299663943038,
 "pairs": {
  "n": 22366,
  "predicted_non_identifiable": 0,
  "share_non_identifiable": 0.0,
  "realised_separated_given_pred_non_id": null,
  "realised_separated_given_pred_id": 0.8842926016308553,
  "n_seen_non_id": 0,
  "n_seen_id": 16801
 },
 "best_option_time_share": {
  "6 h": 0.4206831798265224,
  "24 h": 0.5793168201734776
 },
 "best_option_line_share": {
  "A375": 0.276088706071716,
  "A549": 0.21067692032549407,
  "HA1E": 0.10793168201734776,
  "HCC515": 0.04073146740588393,
  "HEPG2": 0.08445855316104801,
  "HT29": 0.1523741393186086,
  "MCF7": 0.02146114638290262,
  "PC3": 0.02924081194670482,
  "VCAP": 0.0770365733702942
 },
 "seconds": 21.5
}
0.181 0.104 93068
0.268 0.105 94396
0.322 0.121 102772
0.359 0.123 85070
0.399 0.13 113439
0.446 0.136 116367
0.484 0.158 86828
0.529 0.175 124820
0.585 0.213 78684
0.661 0.277 92310
