{"file": "c0.h5ad", "cell_name": "A549", "role": "train", "planned_rows": 48666, "remote_bytes": 389328000, "seconds": 140.4}
{"file": "c1.h5ad", "cell_name": "AN3 CA", "role": "train", "planned_rows": 48635, "remote_bytes": 389080000, "seconds": 160.04}
{"file": "c2.h5ad", "cell_name": "SK-MEL-2", "role": "train", "planned_rows": 48628, "remote_bytes": 389024000, "seconds": 111.72}
{"file": "c3.h5ad", "cell_name": "SNU-1", "role": "train", "planned_rows": 48646, "remote_bytes": 389168000, "seconds": 135.7}
{"file": "c4.h5ad", "cell_name": "A-172", "role": "train", "planned_rows": 48669, "remote_bytes": 389352000, "seconds": 123.38}
{"file": "c5.h5ad", "cell_name": "AsPC-1", "role": "train", "planned_rows": 48710, "remote_bytes": 389680000, "seconds": 114.13}
{"file": "c6.h5ad", "cell_name": "BT-474", "role": "train", "planned_rows": 48674, "remote_bytes": 389392000, "seconds": 114.38}
{"file": "c7.h5ad", "cell_name": "COLO 205", "role": "train", "planned_rows": 48726, "remote_bytes": 389808000, "seconds": 177.22}
{"file": "c8.h5ad", "cell_name": "HCT15", "role": "train", "planned_rows": 48744, "remote_bytes": 389952000, "seconds": 154.69}
{"file": "c9.h5ad", "cell_name": "HEC-1-A", "role": "train", "planned_rows": 48747, "remote_bytes": 389976000, "seconds": 139.35}
{"file": "c10.h5ad", "cell_name": "HT-29", "role": "train", "planned_rows": 48737, "remote_bytes": 389896000, "seconds": 140.89}
{"file": "c11.h5ad", "cell_name": "HS-578T", "role": "train", "planned_rows": 48629, "remote_bytes": 389032000, "seconds": 199.6}
{"file": "c13.h5ad", "cell_name": "J82", "role": "train", "planned_rows": 48632, "remote_bytes": 389056000, "seconds": 154.04}
{"file": "c14.h5ad", "cell_name": "SNU-423", "role": "train", "planned_rows": 48661, "remote_bytes": 389288000, "seconds": 175.69}
{"file": "c15.h5ad", "cell_name": "KATO III", "role": "train", "planned_rows": 48690, "remote_bytes": 389520000, "seconds": 148.1}
{"file": "c16.h5ad", "cell_name": "LS 180", "role": "train", "planned_rows": 48708, "remote_bytes": 389664000, "seconds": 139.2}
{"file": "c17.h5ad", "cell_name": "LoVo", "role": "train", "planned_rows": 48771, "remote_bytes": 390168000, "seconds": 142.22}
{"file": "c18.h5ad", "cell_name": "MIA PaCa-2", "role": "train", "planned_rows": 48591, "remote_bytes": 388728000, "seconds": 107.76}
{"file": "c19.h5ad", "cell_name": "NCI-H460", "role": "train", "planned_rows": 48877, "remote_bytes": 391016000, "seconds": 130.0}
{"file": "c21.h5ad", "cell_name": "RKO", "role": "train", "planned_rows": 48714, "remote_bytes": 389712000, "seconds": 109.29}
{"file": "c22.h5ad", "cell_name": "SW480", "role": "train", "planned_rows": 48816, "remote_bytes": 390528000, "seconds": 118.05}
{"file": "c23.h5ad", "cell_name": "A-427", "role": "train", "planned_rows": 48594, "remote_bytes": 388752000, "seconds": 156.41}
{"file": "c24.h5ad", "cell_name": "A498", "role": "train", "planned_rows": 48623, "remote_bytes": 388984000, "seconds": 118.61}
{"file": "c25.h5ad", "cell_name": "C-33 A", "role": "train", "planned_rows": 48700, "remote_bytes": 389600000, "seconds": 163.83}
{"file": "c28.h5ad", "cell_name": "CFPAC-1", "role": "train", "planned_rows": 48658, "remote_bytes": 389264000, "seconds": 169.87}
{"file": "c29.h5ad", "cell_name": "CHP-212", "role": "train", "planned_rows": 48261, "remote_bytes": 386088000, "seconds": 175.63}
{"file": "c30.h5ad", "cell_name": "H4", "role": "train", "planned_rows": 48617, "remote_bytes": 388936000, "seconds": 173.43}
{"file": "c32.h5ad", "cell_name": "LOX-IMVI", "role": "train", "planned_rows": 48655, "remote_bytes": 389240000, "seconds": 106.54}
{"file": "c33.h5ad", "cell_name": "NCI-H1573", "role": "train", "planned_rows": 48683, "remote_bytes": 389464000, "seconds": 69.24}
{"file": "c34.h5ad", "cell_name": "NCI-H1792", "role": "train", "planned_rows": 48640, "remote_bytes": 389120000, "seconds": 77.22}
{"file": "c35.h5ad", "cell_name": "NCI-H2030", "role": "train", "planned_rows": 48710, "remote_bytes": 389680000, "seconds": 75.51}
{"file": "c37.h5ad", "cell_name": "NCI-H23", "role": "train", "planned_rows": 48656, "remote_bytes": 389248000, "seconds": 71.62}
{"file": "c38.h5ad", "cell_name": "NCI-H2347", "role": "train", "planned_rows": 48674, "remote_bytes": 389392000, "seconds": 86.6}
{"file": "c40.h5ad", "cell_name": "NCI-H661", "role": "train", "planned_rows": 44822, "remote_bytes": 358576000, "seconds": 81.82}
{"file": "c41.h5ad", "cell_name": "Panc 03.27", "role": "train", "planned_rows": 48679, "remote_bytes": 389432000, "seconds": 67.09}
{"file": "c42.h5ad", "cell_name": "RPMI-7951", "role": "train", "planned_rows": 48689, "remote_bytes": 389512000, "seconds": 79.14}
{"file": "c43.h5ad", "cell_name": "SHP-77", "role": "train", "planned_rows": 48713, "remote_bytes": 389704000, "seconds": 71.54}
{"file": "c44.h5ad", "cell_name": "SW 1088", "role": "train", "planned_rows": 44281, "remote_bytes": 354248000, "seconds": 71.12}
{"file": "c45.h5ad", "cell_name": "SW 1271", "role": "train", "planned_rows": 46446, "remote_bytes": 371568000, "seconds": 69.65}
{"file": "c46.h5ad", "cell_name": "SW1417", "role": "train", "planned_rows": 48677, "remote_bytes": 389416000, "seconds": 67.08}
{"file": "c47.h5ad", "cell_name": "SW48", "role": "train", "planned_rows": 48653, "remote_bytes": 389224000, "seconds": 79.15}
{"file": "c48.h5ad", "cell_name": "SW 900", "role": "train", "planned_rows": 48699, "remote_bytes": 389592000, "seconds": 67.13}
{"file": "c49.h5ad", "cell_name": "hTERT-HPNE", "role": "train", "planned_rows": 48743, "remote_bytes": 389944000, "seconds": 75.57}
