2026-10-10T13:52:43Z 2224 files
episode {'falsify': 0.892, 'fixed': 0.869, 'random': 0.876, 'magnitude': 0.861} {'falsify': 354.0, 'fixed': 342.8, 'random': 345.5, 'magnitude': 344.4}
set {'fixed': 0.89, 'random': 0.904, 'falsify': 0.886} {'fixed': 368.2, 'random': 359.3, 'falsify': 354.2}
naive {'fixed': 0.904, 'falsify': 0.865} {'fixed': 381.2, 'falsify': 356.6}
perm_classes {'fixed': 0.898, 'random': 0.886} {'fixed': 387.2, 'random': 378.6}
perm_emh {'fixed': 0.89, 'random': 0.906} {'fixed': 368.7, 'random': 360.1}
nolit {'fixed': 0.89, 'random': 0.908} {'fixed': 368.1, 'random': 360.2}
critic {'fixed': 0.89, 'random': 0.904} {'fixed': 368.7, 'random': 359.7}
generic {'fixed': 0.882, 'random': 0.9} {'fixed': 365.7, 'random': 358.1}
analogy {'fixed': 0.944, 'random': 0.94} {'fixed': 397.4, 'random': 387.6}
analogy_perm {'fixed': 0.942, 'random': 0.936} {'fixed': 399.1, 'random': 388.5}
c2_open {'fixed': 0.912, 'random': 0.932} {'fixed': 392.3, 'random': 389.8}
c2_closed {'fixed': 0.691, 'random': 0.721} {'fixed': 179.4, 'random': 176.6}
ranking {'world_model/full': 21.5, 'world_model/rand4': 30.0, 'shuffled/full': 70.0, 'shuffled/rand4': 79.5, 'nearest_member/full': 27.0, 'nearest_member/rand4': 29.0, 'class_mean_cosine/full': 24.0, 'class_mean_cosine/rand4': 33.0}
{
 "H1_validity": {
  "coverage": 0.8924302788844621,
  "wilson_lower": 0.862285537481104,
  "tier_coverage": {
   "activity_0.00_0.50": 0.8983050847457628,
   "activity_0.50_0.75": 0.9124423963133641,
   "activity_0.75_1.00": 0.7755102040816326
  },
  "credible_coverage": 0.21713147410358566,
  "pass": false,
  "uncalibrated_fails": true
 },
 "H2_class_content": {
  "mean_difference": -18.97609561752988,
  "ci95": [
   -29.245745114449058,
   -8.641044529854817
  ],
  "coverage_a": 0.8904382470119522,
  "coverage_b": 0.898406374501992,
  "pass": true,
  "verdict": "PASS"
 },
 "H3_falsify_vs_fixed": {
  "mean_difference": 11.149402390438247,
  "ci95": [
   -2.7535707185458675,
   24.609522105462457
  ],
  "coverage_a": 0.8924302788844621,
  "coverage_b": 0.8685258964143426,
  "pass": false,
  "verdict": "NOT_SUPPORTED"
 },
 "H3_falsify_vs_random": {
  "mean_difference": 8.436254980079681,
  "ci95": [
   -5.4021626716781315,
   21.741772868781865
  ],
  "coverage_a": 0.8924302788844621,
  "coverage_b": 0.8764940239043825,
  "pass": false,
  "verdict": "NOT_SUPPORTED"
 },
 "H3_falsify_vs_magnitude": {
  "mean_difference": 9.569721115537849,
  "ci95": [
   -3.9173614422318352,
   23.689428699720143
  ],
  "coverage_a": 0.8924302788844621,
  "coverage_b": 0.8605577689243028,
  "pass": false,
  "verdict": "NOT_SUPPORTED"
 },
 "H4_emh_vs_permuted_unobserved": {
  "mean_difference": 0.0,
  "ci95": [
   0.0,
   0.0
  ],
  "coverage_a": 0.9433962264150944,
  "coverage_b": 0.9433962264150944,
  "pass": false,
  "verdict": "NOT_SUPPORTED"
 },
 "H4_emh_vs_generic_unobserved": {
  "mean_difference": 7.886792452830188,
  "ci95": [
   1.7735849056603774,
   17.660377358490567
  ],
  "coverage_a": 0.9433962264150944,
  "coverage_b": 0.9056603773584906,
  "pass": false,
  "verdict": "NOT_SUPPORTED"
 },
 "H4_lit_vs_nolit_unobserved": {
  "mean_difference": -0.018867924528301886,
  "ci95": [
   -0.04716981132075472,
   0.0
  ],
  "coverage_a": 0.9433962264150944,
  "coverage_b": 0.9433962264150944,
  "pass": false,
  "verdict": "NOT_SUPPORTED"
 },
 "H4_analogy_vs_permuted_unobserved": {
  "mean_difference": -1.5,
  "ci95": [
   -5.217924528301887,
   1.3679245283018868
  ],
  "coverage_a": 0.9811320754716981,
  "coverage_b": 0.9811320754716981,
  "pass": false,
  "verdict": "NOT_SUPPORTED"
 },
 "H7_full_vs_world_model_only": {
  "mean_difference": -24.08167330677291,
  "ci95": [
   -31.366912267067484,
   -17.56086206581353
  ],
  "coverage_a": 0.8904382470119522,
  "coverage_b": 0.9123505976095617,
  "pass": true,
  "verdict": "PASS"
 },
 "H4_critic_vs_single_pass_unobserved": {
  "mean_difference": 0.018867924528301886,
  "ci95": [
   0.0,
   0.05660377358490566
  ],
  "coverage_a": 0.9433962264150944,
  "coverage_b": 0.9433962264150944,
  "pass": false,
  "verdict": "NOT_SUPPORTED"
 },
 "H8_ranking_vs_knn": {
  "mean_rank_difference": -0.8598484848484849,
  "ci95": [
   -5.571563957545264,
   3.4774772019241094
  ],
  "pass": false
 },
 "H5_identifiability": {
  "auc_pair": 0.5809794827591976,
  "auc_pair_blind": 0.5773033454479076,
  "ci95": [
   -0.009408258537654965,
   0.018742204464332935
  ],
  "pass": false
 },
 "H6_adequacy": {
  "exhausted_in": 0.0,
  "exhausted_out": 0.0,
  "pass": false
 },
 "H6_revision_compiled": {
  "compiled": 0.018867924528301886,
  "random_expected": 0.02091491634033464,
  "compiled_permuted": 0.009433962264150943,
  "n": 106
 }
}
set {'fixed': 0.89, 'random': 0.904, 'falsify': 0.886} {'fixed': 368.2, 'random': 359.3, 'falsify': 354.2}
naive {'fixed': 0.904, 'falsify': 0.865} {'fixed': 381.2, 'falsify': 356.6}
perm_classes {'fixed': 0.898, 'random': 0.886} {'fixed': 387.2, 'random': 378.6}
set {'fixed': 1.0, 'random': 1.0, 'falsify': 1.0} {'fixed': 424.0, 'random': 424.0, 'falsify': 424.0}
{
 "freeze": {
  "frozen_utc": "2026-10-10T13:52:43Z",
  "hash_mismatches": [],
  "results_after_freeze": true,
  "pass": true
 },
 "arithmetic": {
  "summary_mismatches": [],
  "contrast_mismatches": [],
  "pass": true
 },
 "poison_and_rerun": {
  "rerun_identical": {
   "set": true,
   "naive": true,
   "perm_classes": true
  },
  "poison_fixed_design_identical": true,
  "poison_outcomes_changed": true,
  "pass": true
 },
 "pass": true
}
written 53225 bytes
SEALED_RUN_DONE
