{"endpoint": "survival", "fold": 0, "line": "A549"}
{"endpoint": "survival", "fold": 1, "line": "AN3 CA"}
{"endpoint": "survival", "fold": 2, "line": "SK-MEL-2"}
{"endpoint": "survival", "fold": 3, "line": "SNU-1"}
{"endpoint": "survival", "fold": 4, "line": "A-172"}
{"endpoint": "survival", "fold": 5, "line": "AsPC-1"}
{"endpoint": "survival", "fold": 6, "line": "BT-474"}
{"endpoint": "survival", "fold": 7, "line": "COLO 205"}
{"endpoint": "survival", "fold": 8, "line": "HCT15"}
{"endpoint": "survival", "fold": 9, "line": "HEC-1-A"}
{"endpoint": "survival", "fold": 10, "line": "HT-29"}
{"endpoint": "survival", "fold": 11, "line": "HS-578T"}
{"endpoint": "survival", "fold": 12, "line": "J82"}
{"endpoint": "survival", "fold": 13, "line": "SNU-423"}
{"endpoint": "survival", "fold": 14, "line": "KATO III"}
{"endpoint": "survival", "fold": 15, "line": "LS 180"}
{"endpoint": "survival", "fold": 16, "line": "LoVo"}
{"endpoint": "survival", "fold": 17, "line": "MIA PaCa-2"}
{"endpoint": "survival", "fold": 18, "line": "NCI-H460"}
{"endpoint": "survival", "fold": 19, "line": "RKO"}
{"endpoint": "survival", "fold": 20, "line": "SW480"}
{"endpoint": "survival", "fold": 21, "line": "A-427"}
{"endpoint": "survival", "fold": 22, "line": "A498"}
{"endpoint": "survival", "fold": 23, "line": "C-33 A"}
{"endpoint": "survival", "fold": 24, "line": "CFPAC-1"}
{"endpoint": "survival", "fold": 25, "line": "CHP-212"}
{"endpoint": "survival", "fold": 26, "line": "H4"}
{"endpoint": "survival", "fold": 27, "line": "LOX-IMVI"}
{"endpoint": "survival", "fold": 28, "line": "NCI-H1573"}
{"endpoint": "survival", "fold": 29, "line": "NCI-H1792"}
{"endpoint": "survival", "fold": 30, "line": "NCI-H2030"}
{"endpoint": "survival", "fold": 31, "line": "NCI-H23"}
{"endpoint": "survival", "fold": 32, "line": "NCI-H2347"}
{"endpoint": "survival", "fold": 33, "line": "Panc 03.27"}
{"endpoint": "survival", "fold": 34, "line": "RPMI-7951"}
{"endpoint": "survival", "fold": 35, "line": "SHP-77"}
{"endpoint": "survival", "fold": 36, "line": "SW1417"}
{"endpoint": "survival", "fold": 37, "line": "SW48"}
{"endpoint": "survival", "fold": 38, "line": "SW 900"}
{"endpoint": "survival", "fold": 39, "line": "hTERT-HPNE"}
{"endpoint": "g1", "fold": 0, "line": "A549"}
{"endpoint": "g1", "fold": 1, "line": "AN3 CA"}
{"endpoint": "g1", "fold": 2, "line": "SK-MEL-2"}
{"endpoint": "g1", "fold": 3, "line": "SNU-1"}
{"endpoint": "g1", "fold": 4, "line": "A-172"}
{"endpoint": "g1", "fold": 5, "line": "AsPC-1"}
{"endpoint": "g1", "fold": 6, "line": "BT-474"}
{"endpoint": "g1", "fold": 7, "line": "COLO 205"}
{"endpoint": "g1", "fold": 8, "line": "HCT15"}
{"endpoint": "g1", "fold": 9, "line": "HEC-1-A"}
{"endpoint": "g1", "fold": 10, "line": "HT-29"}
{"endpoint": "g1", "fold": 11, "line": "HS-578T"}
{"endpoint": "g1", "fold": 12, "line": "J82"}
{"endpoint": "g1", "fold": 13, "line": "SNU-423"}
{"endpoint": "g1", "fold": 14, "line": "KATO III"}
{"endpoint": "g1", "fold": 15, "line": "LS 180"}
{"endpoint": "g1", "fold": 16, "line": "LoVo"}
{"endpoint": "g1", "fold": 17, "line": "MIA PaCa-2"}
{"endpoint": "g1", "fold": 18, "line": "NCI-H460"}
{"endpoint": "g1", "fold": 19, "line": "RKO"}
{"endpoint": "g1", "fold": 20, "line": "SW480"}
{"endpoint": "g1", "fold": 21, "line": "A-427"}
{"endpoint": "g1", "fold": 22, "line": "A498"}
{"endpoint": "g1", "fold": 23, "line": "C-33 A"}
{"endpoint": "g1", "fold": 24, "line": "CFPAC-1"}
{"endpoint": "g1", "fold": 25, "line": "CHP-212"}
{"endpoint": "g1", "fold": 26, "line": "H4"}
{"endpoint": "g1", "fold": 27, "line": "LOX-IMVI"}
{"endpoint": "g1", "fold": 28, "line": "NCI-H1573"}
{"endpoint": "g1", "fold": 29, "line": "NCI-H1792"}
{"endpoint": "g1", "fold": 30, "line": "NCI-H2030"}
{"endpoint": "g1", "fold": 31, "line": "NCI-H23"}
{"endpoint": "g1", "fold": 32, "line": "NCI-H2347"}
{"endpoint": "g1", "fold": 33, "line": "Panc 03.27"}
{"endpoint": "g1", "fold": 34, "line": "RPMI-7951"}
{"endpoint": "g1", "fold": 35, "line": "SHP-77"}
{"endpoint": "g1", "fold": 36, "line": "SW1417"}
{"endpoint": "g1", "fold": 37, "line": "SW48"}
{"endpoint": "g1", "fold": 38, "line": "SW 900"}
{"endpoint": "g1", "fold": 39, "line": "hTERT-HPNE"}
{
 "gate": {
  "endpoint": "E1 survival selectivity at 5 uM",
  "r_R_bridge": 0.1481666113439053,
  "r_RK_kernel": 0.5298658609215433,
  "r_B": 0.5269061217015701,
  "r_O": 0.06457647004493007,
  "primary_state_readout": "kernel",
  "margin": 0.0029597392199731676,
  "passes": false,
  "decision": "WM_CEILING_BELOW_MUB"
 },
 "seconds": 1496.1
}
survival {'Z': (nan, -0.011, None), 'O': (0.065, 0.035, None), 'K': (0.001, 0.005, None), 'B': (0.527, 0.386, [0.1, 40]), 'R': (0.148, 0.09, [50, 100.0, '5uM']), 'RK': (0.53, 0.396, [0.05, 40])}
g1 {'Z': (nan, -0.0, None), 'O': (0.118, -0.002, None), 'K': (0.006, -0.004, None), 'B': (0.254, 0.097, [0.1, 40]), 'R': (0.31, 0.166, [100, 1000.0, '5uM']), 'RK': (0.28, 0.129, [0.05, 40])}
