{"file": "c0.h5ad", "cell_name": ["A549"], "n_cells": 2664482, "remote_bytes": 70155910, "seconds": 17.774}
{"file": "c2.h5ad", "cell_name": ["SK-MEL-2"], "n_cells": 1613877, "remote_bytes": 46344739, "seconds": 17.389}
{"file": "c4.h5ad", "cell_name": ["A-172"], "n_cells": 2352722, "remote_bytes": 63054590, "seconds": 22.305}
{"file": "c5.h5ad", "cell_name": ["AsPC-1"], "n_cells": 2474241, "remote_bytes": 65302095, "seconds": 29.179}
{"file": "c1.h5ad", "cell_name": ["AN3 CA"], "n_cells": 634931, "remote_bytes": 23407341, "seconds": 30.302}
{"file": "c6.h5ad", "cell_name": ["BT-474"], "n_cells": 1322285, "remote_bytes": 38824147, "seconds": 33.026}
{"file": "c3.h5ad", "cell_name": ["SNU-1"], "n_cells": 1343339, "remote_bytes": 39302981, "seconds": 33.748}
{"file": "c11.h5ad", "cell_name": ["HS-578T"], "n_cells": 1771742, "remote_bytes": 49256770, "seconds": 23.145}
{"file": "c9.h5ad", "cell_name": ["HEC-1-A"], "n_cells": 2766680, "remote_bytes": 72416336, "seconds": 30.395}
{"file": "c7.h5ad", "cell_name": ["COLO 205"], "n_cells": 1531054, "remote_bytes": 44920066, "seconds": 45.782}
{"file": "c13.h5ad", "cell_name": ["J82"], "n_cells": 2396294, "remote_bytes": 63891690, "seconds": 33.249}
{"file": "c10.h5ad", "cell_name": ["HT-29"], "n_cells": 2252219, "remote_bytes": 60261669, "seconds": 38.361}
{"file": "c14.h5ad", "cell_name": ["SNU-423"], "n_cells": 1546064, "remote_bytes": 44298768, "seconds": 24.027}
{"file": "c15.h5ad", "cell_name": ["KATO III"], "n_cells": 2332035, "remote_bytes": 61775117, "seconds": 29.929}
{"file": "c16.h5ad", "cell_name": ["LS 180"], "n_cells": 1946902, "remote_bytes": 54110730, "seconds": 31.493}
{"file": "c17.h5ad", "cell_name": ["LoVo"], "n_cells": 3274272, "remote_bytes": 83798912, "seconds": 32.194}
{"file": "c21.h5ad", "cell_name": ["RKO"], "n_cells": 2358711, "remote_bytes": 62953641, "seconds": 27.78}
{"file": "c8.h5ad", "cell_name": ["HCT15"], "n_cells": 1682550, "remote_bytes": 47390106, "seconds": 106.913}
{"file": "c23.h5ad", "cell_name": ["A-427"], "n_cells": 1472434, "remote_bytes": 42777806, "seconds": 31.893}
{"file": "c19.h5ad", "cell_name": ["NCI-H460"], "n_cells": 5943411, "remote_bytes": 145109773, "seconds": 55.103}
{"file": "c24.h5ad", "cell_name": ["A498"], "n_cells": 2785040, "remote_bytes": 72884504, "seconds": 37.647}
{"file": "c22.h5ad", "cell_name": ["SW480"], "n_cells": 6364321, "remote_bytes": 155295527, "seconds": 67.497}
{"file": "c18.h5ad", "cell_name": ["MIA PaCa-2"], "n_cells": 2491219, "remote_bytes": 66255197, "seconds": 95.691}
{"file": "c25.h5ad", "cell_name": ["C-33 A"], "n_cells": 1599310, "remote_bytes": 46163298, "seconds": 35.857}
{"file": "c28.h5ad", "cell_name": ["CFPAC-1"], "n_cells": 2495566, "remote_bytes": 66786482, "seconds": 35.276}
{"file": "c32.h5ad", "cell_name": ["LOX-IMVI"], "n_cells": 2278841, "remote_bytes": 61019687, "seconds": 22.058}
{"file": "c34.h5ad", "cell_name": ["NCI-H1792"], "n_cells": 1889509, "remote_bytes": 52989499, "seconds": 22.305}
{"file": "c33.h5ad", "cell_name": ["NCI-H1573"], "n_cells": 2254353, "remote_bytes": 60461919, "seconds": 26.129}
{"file": "c30.h5ad", "cell_name": ["H4"], "n_cells": 1075515, "remote_bytes": 33920981, "seconds": 38.831}
{"file": "c35.h5ad", "cell_name": ["NCI-H2030"], "n_cells": 1987892, "remote_bytes": 54997756, "seconds": 28.384}
{"file": "c29.h5ad", "cell_name": ["CHP-212"], "n_cells": 586551, "remote_bytes": 22323849, "seconds": 60.982}
{"file": "c37.h5ad", "cell_name": ["NCI-H23"], "n_cells": 1835947, "remote_bytes": 51016405, "seconds": 19.605}
{"file": "c38.h5ad", "cell_name": ["NCI-H2347"], "n_cells": 2360694, "remote_bytes": 63124746, "seconds": 20.223}
{"file": "c39.h5ad", "cell_name": ["NCI-H596"], "n_cells": 30394, "remote_bytes": 5473394, "seconds": 17.291}
{"file": "c36.h5ad", "cell_name": ["NCI-H2122"], "n_cells": 39463, "remote_bytes": 5488073, "seconds": 29.102}
{"file": "c41.h5ad", "cell_name": ["Panc 03.27"], "n_cells": 1755313, "remote_bytes": 49475967, "seconds": 18.824}
{"file": "c40.h5ad", "cell_name": ["NCI-H661"], "n_cells": 144860, "remote_bytes": 9704356, "seconds": 22.443}
{"file": "c43.h5ad", "cell_name": ["SHP-77"], "n_cells": 2444712, "remote_bytes": 64913160, "seconds": 24.593}
{"file": "c44.h5ad", "cell_name": ["SW 1088"], "n_cells": 163938, "remote_bytes": 10231118, "seconds": 27.593}
{"file": "c45.h5ad", "cell_name": ["SW 1271"], "n_cells": 229595, "remote_bytes": 12732789, "seconds": 25.793}
{"file": "c46.h5ad", "cell_name": ["SW1417"], "n_cells": 2039153, "remote_bytes": 55710015, "seconds": 24.115}
{"file": "c47.h5ad", "cell_name": ["SW48"], "n_cells": 1032791, "remote_bytes": 32561497, "seconds": 33.364}
{"file": "c48.h5ad", "cell_name": ["SW 900"], "n_cells": 1791184, "remote_bytes": 49652888, "seconds": 17.105}
{"file": "c42.h5ad", "cell_name": ["RPMI-7951"], "n_cells": 1713177, "remote_bytes": 48334295, "seconds": 54.062}
{"file": "c49.h5ad", "cell_name": ["hTERT-HPNE"], "n_cells": 1791578, "remote_bytes": 49877926, "seconds": 30.091}
