{
 "validation_lines": [
  "c17.h5ad",
  "c22.h5ad",
  "c8.h5ad",
  "c5.h5ad",
  "c48.h5ad",
  "c15.h5ad",
  "c24.h5ad",
  "c25.h5ad",
  "c0.h5ad",
  "c42.h5ad"
 ],
 "dmso_heldout_lines": {
  "accuracy": 0.6647042410714286,
  "n": 35840,
  "observed_fraction": [
   0.6146484375,
   0.09782366071428572,
   0.2875279017857143
  ],
  "mean_predicted_probability": [
   0.5990799069404602,
   0.09976543486118317,
   0.3011530637741089
  ]
 },
 "treated_heldout_lines": {
  "accuracy": 0.6459751164618599,
  "n": 52163,
  "observed_fraction": [
   0.6099725859325575,
   0.10066522247570117,
   0.28936219159174126
  ],
  "mean_predicted_probability": [
   0.5994155406951904,
   0.09714200347661972,
   0.3034440279006958
  ]
 },
 "final_train_dmso": {
  "accuracy": 0.7151436941964285,
  "n": 143360,
  "observed_fraction": [
   0.62578125,
   0.09328962053571428,
   0.2809291294642857
  ],
  "mean_predicted_probability": [
   0.6257764101028442,
   0.09328962862491608,
   0.280923992395401
  ]
 },
 "final_on_treated_cells": {
  "accuracy": 0.6828281084399174,
  "n": 208521,
  "observed_fraction": [
   0.6184269210295366,
   0.09849367689585221,
   0.2830794020746112
  ],
  "mean_predicted_probability": [
   0.6227732300758362,
   0.0901472195982933,
   0.2870776653289795
  ]
 },
 "sha256": "b7bd63782bd38b592390c8553c9655f8b65a7330d886fd9719a0332d090941ea"
}
