{"file": "checkpoints/final.ckpt", "repo": "arcinstitute/ST-HVG-Tahoe", "revision": "ca6b751972493f8448e3256d1340ae70ad43e1e7", "sha256": "2c9b2e74f59c2fdde73e77c3eec8a8ed26a00e5237d2b5bb3b02122475f623a3", "bytes": 1071778343, "seconds": 122.1, "verified_utc": "2026-10-10T03:47:46.691935+00:00"}
Traceback (most recent call last):
  File "D:\anaconda\envs\maestro\Lib\site-packages\urllib3\connectionpool.py", line 464, in _make_request
    self._validate_conn(conn)
  File "D:\anaconda\envs\maestro\Lib\site-packages\urllib3\connectionpool.py", line 1106, in _validate_conn
    conn.connect()
  File "D:\anaconda\envs\maestro\Lib\site-packages\urllib3\connection.py", line 796, in connect
    sock_and_verified = _ssl_wrap_socket_and_match_hostname(
                        ^^^^^^^^^^^^^^^^^^^^^^^^^^^^^^^^^^^^
  File "D:\anaconda\envs\maestro\Lib\site-packages\urllib3\connection.py", line 975, in _ssl_wrap_socket_and_match_hostname
    ssl_sock = ssl_wrap_socket(
               ^^^^^^^^^^^^^^^^
  File "D:\anaconda\envs\maestro\Lib\site-packages\urllib3\util\ssl_.py", line 433, in ssl_wrap_socket
    ssl_sock = _ssl_wrap_socket_impl(sock, context, tls_in_tls, server_hostname)
               ^^^^^^^^^^^^^^^^^^^^^^^^^^^^^^^^^^^^^^^^^^^^^^^^^^^^^^^^^^^^^^^^^
  File "D:\anaconda\envs\maestro\Lib\site-packages\urllib3\util\ssl_.py", line 477, in _ssl_wrap_socket_impl
    return ssl_context.wrap_socket(sock, server_hostname=server_hostname)
           ^^^^^^^^^^^^^^^^^^^^^^^^^^^^^^^^^^^^^^^^^^^^^^^^^^^^^^^^^^^^^^
  File "D:\anaconda\envs\maestro\Lib\ssl.py", line 517, in wrap_socket
    return self.sslsocket_class._create(
           ^^^^^^^^^^^^^^^^^^^^^^^^^^^^^
  File "D:\anaconda\envs\maestro\Lib\ssl.py", line 1104, in _create
    self.do_handshake()
  File "D:\anaconda\envs\maestro\Lib\ssl.py", line 1382, in do_handshake
    self._sslobj.do_handshake()
ssl.SSLEOFError: [SSL: UNEXPECTED_EOF_WHILE_READING] EOF occurred in violation of protocol (_ssl.c:1016)

During handling of the above exception, another exception occurred:

Traceback (most recent call last):
  File "D:\anaconda\envs\maestro\Lib\site-packages\urllib3\connectionpool.py", line 788, in urlopen
    response = self._make_request(
               ^^^^^^^^^^^^^^^^^^^
  File "D:\anaconda\envs\maestro\Lib\site-packages\urllib3\connectionpool.py", line 488, in _make_request
    raise new_e
urllib3.exceptions.SSLError: [SSL: UNEXPECTED_EOF_WHILE_READING] EOF occurred in violation of protocol (_ssl.c:1016)

The above exception was the direct cause of the following exception:

Traceback (most recent call last):
  File "D:\anaconda\envs\maestro\Lib\site-packages\requests\adapters.py", line 696, in send
    resp = conn.urlopen(
           ^^^^^^^^^^^^^
  File "D:\anaconda\envs\maestro\Lib\site-packages\urllib3\connectionpool.py", line 842, in urlopen
    retries = retries.increment(
              ^^^^^^^^^^^^^^^^^^
  File "D:\anaconda\envs\maestro\Lib\site-packages\urllib3\util\retry.py", line 543, in increment
    raise MaxRetryError(_pool, url, reason) from reason  # type: ignore[arg-type]
    ^^^^^^^^^^^^^^^^^^^^^^^^^^^^^^^^^^^^^^^^^^^^^^^^^^^
urllib3.exceptions.MaxRetryError: HTTPSConnectionPool(host='us.aws.cdn.hf.co', port=443): Max retries exceeded with url: /xet-bridge-us/695c0766af2a8d1d8e2ac843/0bdd574729a61cb7ed28d8dbcec328727e0290345fcfb8b0a6cbe202a8136201?response-content-disposition=inline%3B+filename*%3DUTF-8%27%27pert_onehot_map.pt%3B+filename%3D%22pert_onehot_map.pt%22%3B&xip=ZXGf2K8VTFI&X-Xet-Cas-Uid=public&user_id=public&Expires=1791607667&Policy=eyJTdGF0ZW1lbnQiOlt7IlJlc291cmNlIjoiaHR0cHM6Ly91cy5hd3MuY2RuLmhmLmNvL3hldC1icmlkZ2UtdXMvNjk1YzA3NjZhZjJhOGQxZDhlMmFjODQzLzBiZGQ1NzQ3MjlhNjFjYjdlZDI4ZDhkYmNlYzMyODcyN2UwMjkwMzQ1ZmNmYjhiMGE2Y2JlMjAyYTgxMzYyMDFcXD9yZXNwb25zZS1jb250ZW50LWRpc3Bvc2l0aW9uPWlubGluZSUzQitmaWxlbmFtZSUyQSUzRFVURi04JTI3JTI3cGVydF9vbmVob3RfbWFwLnB0JTNCK2ZpbGVuYW1lJTNEJTIycGVydF9vbmVob3RfbWFwLnB0JTIyJTNCJnhpcD1aWEdmMks4VlRGSSZYLVhldC1DYXMtVWlkPXB1YmxpYyZ1c2VyX2lkPXB1YmxpYyIsIkNvbmRpdGlvbiI6eyJEYXRlTGVzc1RoYW4iOnsiRXBvY2hUaW1lIjoxNzkxNjA3NjY3fX19XX0_&Signature=MEQCIARGzpet~aG~rksb4wbky6d3xH84JMstmu4ltk-1xVU2AiB8xz4rv1wXM4iL7QPOAKutge7~5dFRYicrQS3pkXq94g__&Key-Pair-Id=01KXEF4KZ1B6FV465MAWR4M21F&Hash-Algorithm=SHA256 (Caused by SSLError(SSLEOFError(8, '[SSL: UNEXPECTED_EOF_WHILE_READING] EOF occurred in violation of protocol (_ssl.c:1016)')))

During handling of the above exception, another exception occurred:

Traceback (most recent call last):
  File "D:\MAESTRO\research\astra\phenotype_anchor_20261010\stage_state.py", line 69, in <module>
    main()
  File "D:\MAESTRO\research\astra\phenotype_anchor_20261010\stage_state.py", line 48, in main
    with requests.get(url, stream=True, timeout=300) as response:
         ^^^^^^^^^^^^^^^^^^^^^^^^^^^^^^^^^^^^^^^^^^^
  File "D:\anaconda\envs\maestro\Lib\site-packages\requests\api.py", line 87, in get
    return request("get", url, params=params, **kwargs)
           ^^^^^^^^^^^^^^^^^^^^^^^^^^^^^^^^^^^^^^^^^^^^
  File "D:\anaconda\envs\maestro\Lib\site-packages\requests\api.py", line 71, in request
    return session.request(method=method, url=url, **kwargs)
           ^^^^^^^^^^^^^^^^^^^^^^^^^^^^^^^^^^^^^^^^^^^^^^^^^
  File "D:\anaconda\envs\maestro\Lib\site-packages\requests\sessions.py", line 651, in request
    resp = self.send(prep, **send_kwargs)
           ^^^^^^^^^^^^^^^^^^^^^^^^^^^^^^
  File "D:\anaconda\envs\maestro\Lib\site-packages\requests\sessions.py", line 805, in send
    history = [resp for resp in gen]
              ^^^^^^^^^^^^^^^^^^^^^^
  File "D:\anaconda\envs\maestro\Lib\site-packages\requests\sessions.py", line 805, in <listcomp>
    history = [resp for resp in gen]
              ^^^^^^^^^^^^^^^^^^^^^^
  File "D:\anaconda\envs\maestro\Lib\site-packages\requests\sessions.py", line 292, in resolve_redirects
    resp = self.send(
           ^^^^^^^^^^
  File "D:\anaconda\envs\maestro\Lib\site-packages\requests\sessions.py", line 784, in send
    r = adapter.send(request, **kwargs)
        ^^^^^^^^^^^^^^^^^^^^^^^^^^^^^^^
  File "D:\anaconda\envs\maestro\Lib\site-packages\requests\adapters.py", line 727, in send
    raise SSLError(e, request=request)
requests.exceptions.SSLError: HTTPSConnectionPool(host='us.aws.cdn.hf.co', port=443): Max retries exceeded with url: /xet-bridge-us/695c0766af2a8d1d8e2ac843/0bdd574729a61cb7ed28d8dbcec328727e0290345fcfb8b0a6cbe202a8136201?response-content-disposition=inline%3B+filename*%3DUTF-8%27%27pert_onehot_map.pt%3B+filename%3D%22pert_onehot_map.pt%22%3B&xip=ZXGf2K8VTFI&X-Xet-Cas-Uid=public&user_id=public&Expires=1791607667&Policy=eyJTdGF0ZW1lbnQiOlt7IlJlc291cmNlIjoiaHR0cHM6Ly91cy5hd3MuY2RuLmhmLmNvL3hldC1icmlkZ2UtdXMvNjk1YzA3NjZhZjJhOGQxZDhlMmFjODQzLzBiZGQ1NzQ3MjlhNjFjYjdlZDI4ZDhkYmNlYzMyODcyN2UwMjkwMzQ1ZmNmYjhiMGE2Y2JlMjAyYTgxMzYyMDFcXD9yZXNwb25zZS1jb250ZW50LWRpc3Bvc2l0aW9uPWlubGluZSUzQitmaWxlbmFtZSUyQSUzRFVURi04JTI3JTI3cGVydF9vbmVob3RfbWFwLnB0JTNCK2ZpbGVuYW1lJTNEJTIycGVydF9vbmVob3RfbWFwLnB0JTIyJTNCJnhpcD1aWEdmMks4VlRGSSZYLVhldC1DYXMtVWlkPXB1YmxpYyZ1c2VyX2lkPXB1YmxpYyIsIkNvbmRpdGlvbiI6eyJEYXRlTGVzc1RoYW4iOnsiRXBvY2hUaW1lIjoxNzkxNjA3NjY3fX19XX0_&Signature=MEQCIARGzpet~aG~rksb4wbky6d3xH84JMstmu4ltk-1xVU2AiB8xz4rv1wXM4iL7QPOAKutge7~5dFRYicrQS3pkXq94g__&Key-Pair-Id=01KXEF4KZ1B6FV465MAWR4M21F&Hash-Algorithm=SHA256 (Caused by SSLError(SSLEOFError(8, '[SSL: UNEXPECTED_EOF_WHILE_READING] EOF occurred in violation of protocol (_ssl.c:1016)')))
