{"file": "c4.h5ad", "cell_names": ["A-172"], "n_cells": 2352722, "label_runs": 1317, "remote_bytes": 23527220, "seconds": 13.602}
{"file": "c2.h5ad", "cell_names": ["SK-MEL-2"], "n_cells": 1613877, "label_runs": 1318, "remote_bytes": 16138770, "seconds": 14.028}
{"file": "c5.h5ad", "cell_names": ["AsPC-1"], "n_cells": 2474241, "label_runs": 1320, "remote_bytes": 24742410, "seconds": 15.011}
{"file": "c0.h5ad", "cell_names": ["A549"], "n_cells": 2664482, "label_runs": 1318, "remote_bytes": 26644820, "seconds": 19.771}
{"file": "c1.h5ad", "cell_names": ["AN3 CA"], "n_cells": 634931, "label_runs": 1318, "remote_bytes": 6349310, "seconds": 19.839}
{"file": "c3.h5ad", "cell_names": ["SNU-1"], "n_cells": 1343339, "label_runs": 1319, "remote_bytes": 13433390, "seconds": 30.504}
{"file": "c6.h5ad", "cell_names": ["BT-474"], "n_cells": 1322285, "label_runs": 1316, "remote_bytes": 22683018, "seconds": 32.537}
{"file": "c9.h5ad", "cell_names": ["HEC-1-A"], "n_cells": 2766680, "label_runs": 1320, "remote_bytes": 37498072, "seconds": 20.801}
{"file": "c10.h5ad", "cell_names": ["HT-29"], "n_cells": 2252219, "label_runs": 1319, "remote_bytes": 32031398, "seconds": 20.274}
{"file": "c11.h5ad", "cell_names": ["HS-578T"], "n_cells": 1771742, "label_runs": 1321, "remote_bytes": 26748412, "seconds": 19.343}
{"file": "c8.h5ad", "cell_names": ["HCT15"], "n_cells": 1682550, "label_runs": 1322, "remote_bytes": 26565532, "seconds": 28.436}
{"file": "c7.h5ad", "cell_names": ["COLO 205"], "n_cells": 1531054, "label_runs": 1321, "remote_bytes": 26064940, "seconds": 52.444}
{"file": "c14.h5ad", "cell_names": ["SNU-423"], "n_cells": 1546064, "label_runs": 1322, "remote_bytes": 25248512, "seconds": 20.865}
{"file": "c12.h5ad", "cell_names": ["Hs 766T"], "n_cells": 2742987, "label_runs": 1318, "remote_bytes": 37463574, "seconds": 37.185}
{"file": "c16.h5ad", "cell_names": ["LS 180"], "n_cells": 1946902, "label_runs": 1320, "remote_bytes": 29849580, "seconds": 32.562}
{"file": "c15.h5ad", "cell_names": ["KATO III"], "n_cells": 2332035, "label_runs": 1319, "remote_bytes": 33031526, "seconds": 35.436}
{"file": "c13.h5ad", "cell_names": ["J82"], "n_cells": 2396294, "label_runs": 1320, "remote_bytes": 33788444, "seconds": 43.273}
{"file": "c20.h5ad", "cell_names": ["PANC-1"], "n_cells": 4170586, "label_runs": 1315, "remote_bytes": 51575340, "seconds": 26.461}
{"file": "c21.h5ad", "cell_names": ["RKO"], "n_cells": 2358711, "label_runs": 1322, "remote_bytes": 33338974, "seconds": 26.705}
{"file": "c17.h5ad", "cell_names": ["LoVo"], "n_cells": 3274272, "label_runs": 1322, "remote_bytes": 42281952, "seconds": 55.197}
{"file": "c19.h5ad", "cell_names": ["NCI-H460"], "n_cells": 5943411, "label_runs": 1322, "remote_bytes": 68894006, "seconds": 42.046}
{"file": "c24.h5ad", "cell_names": ["A498"], "n_cells": 2785040, "label_runs": 1318, "remote_bytes": 37727560, "seconds": 27.194}
{"file": "c18.h5ad", "cell_names": ["MIA PaCa-2"], "n_cells": 2491219, "label_runs": 1316, "remote_bytes": 34917926, "seconds": 60.608}
{"file": "c26.h5ad", "cell_names": ["C32"], "n_cells": 2098357, "label_runs": 1318, "remote_bytes": 30695386, "seconds": 20.367}
{"file": "c25.h5ad", "cell_names": ["C-33 A"], "n_cells": 1599310, "label_runs": 1320, "remote_bytes": 26420844, "seconds": 29.266}
{"file": "c22.h5ad", "cell_names": ["SW480"], "n_cells": 6364321, "label_runs": 1322, "remote_bytes": 73607930, "seconds": 42.142}
{"file": "c28.h5ad", "cell_names": ["CFPAC-1"], "n_cells": 2495566, "label_runs": 1319, "remote_bytes": 35392700, "seconds": 26.466}
{"file": "c23.h5ad", "cell_names": ["A-427"], "n_cells": 1472434, "label_runs": 1317, "remote_bytes": 24160452, "seconds": 51.712}
{"file": "c27.h5ad", "cell_names": ["HepG2/C3A"], "n_cells": 1355321, "label_runs": 1319, "remote_bytes": 23179858, "seconds": 28.628}
{"file": "c31.h5ad", "cell_names": ["HOP62"], "n_cells": 3420378, "label_runs": 1322, "remote_bytes": 43955124, "seconds": 19.812}
{"file": "c29.h5ad", "cell_names": ["CHP-212"], "n_cells": 586551, "label_runs": 1318, "remote_bytes": 15747262, "seconds": 24.468}
{"file": "c36.h5ad", "cell_names": ["NCI-H2122"], "n_cells": 39463, "label_runs": 1309, "remote_bytes": 394630, "seconds": 7.179}
{"file": "c39.h5ad", "cell_names": ["NCI-H596"], "n_cells": 30394, "label_runs": 1310, "remote_bytes": 0, "seconds": 0.055}
{"file": "c30.h5ad", "cell_names": ["H4"], "n_cells": 1075515, "label_runs": 1319, "remote_bytes": 20987862, "seconds": 27.726}
{"file": "c33.h5ad", "cell_names": ["NCI-H1573"], "n_cells": 2254353, "label_runs": 1319, "remote_bytes": 32203906, "seconds": 25.721}
{"file": "c32.h5ad", "cell_names": ["LOX-IMVI"], "n_cells": 2278841, "label_runs": 1319, "remote_bytes": 32967618, "seconds": 27.55}
{"file": "c34.h5ad", "cell_names": ["NCI-H1792"], "n_cells": 1889509, "label_runs": 1317, "remote_bytes": 29474458, "seconds": 21.071}
{"file": "c37.h5ad", "cell_names": ["NCI-H23"], "n_cells": 1835947, "label_runs": 1318, "remote_bytes": 28197670, "seconds": 18.145}
{"file": "c35.h5ad", "cell_names": ["NCI-H2030"], "n_cells": 1987892, "label_runs": 1321, "remote_bytes": 30203736, "seconds": 21.841}
{"file": "c38.h5ad", "cell_names": ["NCI-H2347"], "n_cells": 2360694, "label_runs": 1317, "remote_bytes": 34008588, "seconds": 25.238}
{"file": "c40.h5ad", "cell_names": ["NCI-H661"], "n_cells": 144860, "label_runs": 1311, "remote_bytes": 8869752, "seconds": 21.288}
{"file": "c41.h5ad", "cell_names": ["Panc 03.27"], "n_cells": 1755313, "label_runs": 1318, "remote_bytes": 27705474, "seconds": 21.943}
{"file": "c43.h5ad", "cell_names": ["SHP-77"], "n_cells": 2444712, "label_runs": 1320, "remote_bytes": 34704768, "seconds": 21.839}
{"file": "c44.h5ad", "cell_names": ["SW 1088"], "n_cells": 163938, "label_runs": 1319, "remote_bytes": 9148500, "seconds": 18.164}
{"file": "c45.h5ad", "cell_names": ["SW 1271"], "n_cells": 229595, "label_runs": 1310, "remote_bytes": 10796630, "seconds": 20.116}
{"file": "c42.h5ad", "cell_names": ["RPMI-7951"], "n_cells": 1713177, "label_runs": 1318, "remote_bytes": 27111570, "seconds": 28.605}
{"file": "c46.h5ad", "cell_names": ["SW1417"], "n_cells": 2039153, "label_runs": 1316, "remote_bytes": 30249602, "seconds": 21.103}
{"file": "c48.h5ad", "cell_names": ["SW 900"], "n_cells": 1791184, "label_runs": 1321, "remote_bytes": 27416072, "seconds": 18.916}
{"file": "c47.h5ad", "cell_names": ["SW48"], "n_cells": 1032791, "label_runs": 1316, "remote_bytes": 20183790, "seconds": 23.421}
{"file": "c49.h5ad", "cell_names": ["hTERT-HPNE"], "n_cells": 1791578, "label_runs": 1321, "remote_bytes": 27111700, "seconds": 24.514}
